// Jest Snapshot v1, https://goo.gl/fbAQLP

exports[`SidebarComponent should create 1`] = `
SidebarComponent {
  "navItems": Array [
    Object {
      "icon": "list",
      "label": "Team To-Do List",
    },
  ],
  "store": MockStore {
    "_isScalar": false,
    "actionsObserver": ActionsSubject {
      "_isScalar": false,
      "_value": Object {
        "type": "@ngrx/store/init",
      },
      "closed": false,
      "hasError": false,
      "isStopped": false,
      "observers": Array [],
      "thrownError": null,
    },
    "dispatch": [Function],
    "initialState": Object {},
    "lastState": Object {},
    "reducerManager": MockReducerManager {
      "_isScalar": false,
      "_value": [Function],
      "closed": false,
      "hasError": false,
      "isStopped": false,
      "observers": Array [],
      "thrownError": null,
    },
    "scannedActions$": Observable {
      "_isScalar": false,
      "source": ActionsSubject {
        "_isScalar": false,
        "_value": Object {
          "type": "@ngrx/store/init",
        },
        "closed": false,
        "hasError": false,
        "isStopped": false,
        "observers": Array [],
        "thrownError": null,
      },
    },
    "source": MockState {
      "_isScalar": false,
      "_value": Object {},
      "closed": false,
      "hasError": false,
      "isStopped": false,
      "observers": Array [
        MapSubscriber {
          "_parent": DistinctUntilChangedSubscriber {
            "_parent": Subscriber {
              "_parent": null,
              "_parents": null,
              "_subscriptions": Array [
                [Circular],
              ],
              "closed": false,
              "destination": SafeSubscriber {
                "_complete": undefined,
                "_context": Object {
                  "unsubscribe": [Function],
                },
                "_error": [Function],
                "_next": [Function],
                "_parent": null,
                "_parentSubscriber": [Circular],
                "_parents": null,
                "_subscriptions": null,
                "closed": false,
                "destination": Object {
                  "closed": true,
                  "complete": [Function],
                  "error": [Function],
                  "next": [Function],
                },
                "isStopped": false,
                "syncErrorThrowable": false,
                "syncErrorThrown": false,
                "syncErrorValue": null,
              },
              "isStopped": false,
              "syncErrorThrowable": true,
              "syncErrorThrown": false,
              "syncErrorValue": null,
            },
            "_parents": null,
            "_subscriptions": Array [
              [Circular],
            ],
            "closed": false,
            "destination": Subscriber {
              "_parent": null,
              "_parents": null,
              "_subscriptions": Array [
                [Circular],
              ],
              "closed": false,
              "destination": SafeSubscriber {
                "_complete": undefined,
                "_context": Object {
                  "unsubscribe": [Function],
                },
                "_error": [Function],
                "_next": [Function],
                "_parent": null,
                "_parentSubscriber": [Circular],
                "_parents": null,
                "_subscriptions": null,
                "closed": false,
                "destination": Object {
                  "closed": true,
                  "complete": [Function],
                  "error": [Function],
                  "next": [Function],
                },
                "isStopped": false,
                "syncErrorThrowable": false,
                "syncErrorThrown": false,
                "syncErrorValue": null,
              },
              "isStopped": false,
              "syncErrorThrowable": true,
              "syncErrorThrown": false,
              "syncErrorValue": null,
            },
            "hasKey": true,
            "isStopped": false,
            "key": "test",
            "keySelector": undefined,
            "syncErrorThrowable": true,
            "syncErrorThrown": false,
            "syncErrorValue": null,
          },
          "_parents": null,
          "_subscriptions": Array [
            SubjectSubscription {
              "_parent": [Circular],
              "_parents": null,
              "_subscriptions": null,
              "closed": false,
              "subject": [Circular],
              "subscriber": [Circular],
            },
          ],
          "closed": false,
          "count": 1,
          "destination": DistinctUntilChangedSubscriber {
            "_parent": Subscriber {
              "_parent": null,
              "_parents": null,
              "_subscriptions": Array [
                [Circular],
              ],
              "closed": false,
              "destination": SafeSubscriber {
                "_complete": undefined,
                "_context": Object {
                  "unsubscribe": [Function],
                },
                "_error": [Function],
                "_next": [Function],
                "_parent": null,
                "_parentSubscriber": [Circular],
                "_parents": null,
                "_subscriptions": null,
                "closed": false,
                "destination": Object {
                  "closed": true,
                  "complete": [Function],
                  "error": [Function],
                  "next": [Function],
                },
                "isStopped": false,
                "syncErrorThrowable": false,
                "syncErrorThrown": false,
                "syncErrorValue": null,
              },
              "isStopped": false,
              "syncErrorThrowable": true,
              "syncErrorThrown": false,
              "syncErrorValue": null,
            },
            "_parents": null,
            "_subscriptions": Array [
              [Circular],
            ],
            "closed": false,
            "destination": Subscriber {
              "_parent": null,
              "_parents": null,
              "_subscriptions": Array [
                [Circular],
              ],
              "closed": false,
              "destination": SafeSubscriber {
                "_complete": undefined,
                "_context": Object {
                  "unsubscribe": [Function],
                },
                "_error": [Function],
                "_next": [Function],
                "_parent": null,
                "_parentSubscriber": [Circular],
                "_parents": null,
                "_subscriptions": null,
                "closed": false,
                "destination": Object {
                  "closed": true,
                  "complete": [Function],
                  "error": [Function],
                  "next": [Function],
                },
                "isStopped": false,
                "syncErrorThrowable": false,
                "syncErrorThrown": false,
                "syncErrorValue": null,
              },
              "isStopped": false,
              "syncErrorThrowable": true,
              "syncErrorThrown": false,
              "syncErrorValue": null,
            },
            "hasKey": true,
            "isStopped": false,
            "key": "test",
            "keySelector": undefined,
            "syncErrorThrowable": true,
            "syncErrorThrown": false,
            "syncErrorValue": null,
          },
          "isStopped": false,
          "project": [Function],
          "syncErrorThrowable": true,
          "syncErrorThrown": false,
          "syncErrorValue": null,
          "thisArg": [Circular],
        },
      ],
      "thrownError": null,
    },
    "state$": MockState {
      "_isScalar": false,
      "_value": Object {},
      "closed": false,
      "hasError": false,
      "isStopped": false,
      "observers": Array [
        MapSubscriber {
          "_parent": DistinctUntilChangedSubscriber {
            "_parent": Subscriber {
              "_parent": null,
              "_parents": null,
              "_subscriptions": Array [
                [Circular],
              ],
              "closed": false,
              "destination": SafeSubscriber {
                "_complete": undefined,
                "_context": Object {
                  "unsubscribe": [Function],
                },
                "_error": [Function],
                "_next": [Function],
                "_parent": null,
                "_parentSubscriber": [Circular],
                "_parents": null,
                "_subscriptions": null,
                "closed": false,
                "destination": Object {
                  "closed": true,
                  "complete": [Function],
                  "error": [Function],
                  "next": [Function],
                },
                "isStopped": false,
                "syncErrorThrowable": false,
                "syncErrorThrown": false,
                "syncErrorValue": null,
              },
              "isStopped": false,
              "syncErrorThrowable": true,
              "syncErrorThrown": false,
              "syncErrorValue": null,
            },
            "_parents": null,
            "_subscriptions": Array [
              [Circular],
            ],
            "closed": false,
            "destination": Subscriber {
              "_parent": null,
              "_parents": null,
              "_subscriptions": Array [
                [Circular],
              ],
              "closed": false,
              "destination": SafeSubscriber {
                "_complete": undefined,
                "_context": Object {
                  "unsubscribe": [Function],
                },
                "_error": [Function],
                "_next": [Function],
                "_parent": null,
                "_parentSubscriber": [Circular],
                "_parents": null,
                "_subscriptions": null,
                "closed": false,
                "destination": Object {
                  "closed": true,
                  "complete": [Function],
                  "error": [Function],
                  "next": [Function],
                },
                "isStopped": false,
                "syncErrorThrowable": false,
                "syncErrorThrown": false,
                "syncErrorValue": null,
              },
              "isStopped": false,
              "syncErrorThrowable": true,
              "syncErrorThrown": false,
              "syncErrorValue": null,
            },
            "hasKey": true,
            "isStopped": false,
            "key": "test",
            "keySelector": undefined,
            "syncErrorThrowable": true,
            "syncErrorThrown": false,
            "syncErrorValue": null,
          },
          "_parents": null,
          "_subscriptions": Array [
            SubjectSubscription {
              "_parent": [Circular],
              "_parents": null,
              "_subscriptions": null,
              "closed": false,
              "subject": [Circular],
              "subscriber": [Circular],
            },
          ],
          "closed": false,
          "count": 1,
          "destination": DistinctUntilChangedSubscriber {
            "_parent": Subscriber {
              "_parent": null,
              "_parents": null,
              "_subscriptions": Array [
                [Circular],
              ],
              "closed": false,
              "destination": SafeSubscriber {
                "_complete": undefined,
                "_context": Object {
                  "unsubscribe": [Function],
                },
                "_error": [Function],
                "_next": [Function],
                "_parent": null,
                "_parentSubscriber": [Circular],
                "_parents": null,
                "_subscriptions": null,
                "closed": false,
                "destination": Object {
                  "closed": true,
                  "complete": [Function],
                  "error": [Function],
                  "next": [Function],
                },
                "isStopped": false,
                "syncErrorThrowable": false,
                "syncErrorThrown": false,
                "syncErrorValue": null,
              },
              "isStopped": false,
              "syncErrorThrowable": true,
              "syncErrorThrown": false,
              "syncErrorValue": null,
            },
            "_parents": null,
            "_subscriptions": Array [
              [Circular],
            ],
            "closed": false,
            "destination": Subscriber {
              "_parent": null,
              "_parents": null,
              "_subscriptions": Array [
                [Circular],
              ],
              "closed": false,
              "destination": SafeSubscriber {
                "_complete": undefined,
                "_context": Object {
                  "unsubscribe": [Function],
                },
                "_error": [Function],
                "_next": [Function],
                "_parent": null,
                "_parentSubscriber": [Circular],
                "_parents": null,
                "_subscriptions": null,
                "closed": false,
                "destination": Object {
                  "closed": true,
                  "complete": [Function],
                  "error": [Function],
                  "next": [Function],
                },
                "isStopped": false,
                "syncErrorThrowable": false,
                "syncErrorThrown": false,
                "syncErrorValue": null,
              },
              "isStopped": false,
              "syncErrorThrowable": true,
              "syncErrorThrown": false,
              "syncErrorValue": null,
            },
            "hasKey": true,
            "isStopped": false,
            "key": "test",
            "keySelector": undefined,
            "syncErrorThrowable": true,
            "syncErrorThrown": false,
            "syncErrorValue": null,
          },
          "isStopped": false,
          "project": [Function],
          "syncErrorThrowable": true,
          "syncErrorThrown": false,
          "syncErrorValue": null,
          "thisArg": [Circular],
        },
      ],
      "thrownError": null,
    },
  },
  "userName$": Store {
    "_isScalar": false,
    "actionsObserver": ActionsSubject {
      "_isScalar": false,
      "_value": Object {
        "type": "@ngrx/store/init",
      },
      "closed": false,
      "hasError": false,
      "isStopped": false,
      "observers": Array [],
      "thrownError": null,
    },
    "operator": DistinctUntilChangedOperator {
      "compare": undefined,
      "keySelector": undefined,
    },
    "reducerManager": MockReducerManager {
      "_isScalar": false,
      "_value": [Function],
      "closed": false,
      "hasError": false,
      "isStopped": false,
      "observers": Array [],
      "thrownError": null,
    },
    "source": Store {
      "_isScalar": false,
      "actionsObserver": ActionsSubject {
        "_isScalar": false,
        "_value": Object {
          "type": "@ngrx/store/init",
        },
        "closed": false,
        "hasError": false,
        "isStopped": false,
        "observers": Array [],
        "thrownError": null,
      },
      "operator": MapOperator {
        "project": [Function],
        "thisArg": undefined,
      },
      "reducerManager": MockReducerManager {
        "_isScalar": false,
        "_value": [Function],
        "closed": false,
        "hasError": false,
        "isStopped": false,
        "observers": Array [],
        "thrownError": null,
      },
      "source": MockStore {
        "_isScalar": false,
        "actionsObserver": ActionsSubject {
          "_isScalar": false,
          "_value": Object {
            "type": "@ngrx/store/init",
          },
          "closed": false,
          "hasError": false,
          "isStopped": false,
          "observers": Array [],
          "thrownError": null,
        },
        "dispatch": [Function],
        "initialState": Object {},
        "lastState": Object {},
        "reducerManager": MockReducerManager {
          "_isScalar": false,
          "_value": [Function],
          "closed": false,
          "hasError": false,
          "isStopped": false,
          "observers": Array [],
          "thrownError": null,
        },
        "scannedActions$": Observable {
          "_isScalar": false,
          "source": ActionsSubject {
            "_isScalar": false,
            "_value": Object {
              "type": "@ngrx/store/init",
            },
            "closed": false,
            "hasError": false,
            "isStopped": false,
            "observers": Array [],
            "thrownError": null,
          },
        },
        "source": MockState {
          "_isScalar": false,
          "_value": Object {},
          "closed": false,
          "hasError": false,
          "isStopped": false,
          "observers": Array [
            MapSubscriber {
              "_parent": DistinctUntilChangedSubscriber {
                "_parent": Subscriber {
                  "_parent": null,
                  "_parents": null,
                  "_subscriptions": Array [
                    [Circular],
                  ],
                  "closed": false,
                  "destination": SafeSubscriber {
                    "_complete": undefined,
                    "_context": Object {
                      "unsubscribe": [Function],
                    },
                    "_error": [Function],
                    "_next": [Function],
                    "_parent": null,
                    "_parentSubscriber": [Circular],
                    "_parents": null,
                    "_subscriptions": null,
                    "closed": false,
                    "destination": Object {
                      "closed": true,
                      "complete": [Function],
                      "error": [Function],
                      "next": [Function],
                    },
                    "isStopped": false,
                    "syncErrorThrowable": false,
                    "syncErrorThrown": false,
                    "syncErrorValue": null,
                  },
                  "isStopped": false,
                  "syncErrorThrowable": true,
                  "syncErrorThrown": false,
                  "syncErrorValue": null,
                },
                "_parents": null,
                "_subscriptions": Array [
                  [Circular],
                ],
                "closed": false,
                "destination": Subscriber {
                  "_parent": null,
                  "_parents": null,
                  "_subscriptions": Array [
                    [Circular],
                  ],
                  "closed": false,
                  "destination": SafeSubscriber {
                    "_complete": undefined,
                    "_context": Object {
                      "unsubscribe": [Function],
                    },
                    "_error": [Function],
                    "_next": [Function],
                    "_parent": null,
                    "_parentSubscriber": [Circular],
                    "_parents": null,
                    "_subscriptions": null,
                    "closed": false,
                    "destination": Object {
                      "closed": true,
                      "complete": [Function],
                      "error": [Function],
                      "next": [Function],
                    },
                    "isStopped": false,
                    "syncErrorThrowable": false,
                    "syncErrorThrown": false,
                    "syncErrorValue": null,
                  },
                  "isStopped": false,
                  "syncErrorThrowable": true,
                  "syncErrorThrown": false,
                  "syncErrorValue": null,
                },
                "hasKey": true,
                "isStopped": false,
                "key": "test",
                "keySelector": undefined,
                "syncErrorThrowable": true,
                "syncErrorThrown": false,
                "syncErrorValue": null,
              },
              "_parents": null,
              "_subscriptions": Array [
                SubjectSubscription {
                  "_parent": [Circular],
                  "_parents": null,
                  "_subscriptions": null,
                  "closed": false,
                  "subject": [Circular],
                  "subscriber": [Circular],
                },
              ],
              "closed": false,
              "count": 1,
              "destination": DistinctUntilChangedSubscriber {
                "_parent": Subscriber {
                  "_parent": null,
                  "_parents": null,
                  "_subscriptions": Array [
                    [Circular],
                  ],
                  "closed": false,
                  "destination": SafeSubscriber {
                    "_complete": undefined,
                    "_context": Object {
                      "unsubscribe": [Function],
                    },
                    "_error": [Function],
                    "_next": [Function],
                    "_parent": null,
                    "_parentSubscriber": [Circular],
                    "_parents": null,
                    "_subscriptions": null,
                    "closed": false,
                    "destination": Object {
                      "closed": true,
                      "complete": [Function],
                      "error": [Function],
                      "next": [Function],
                    },
                    "isStopped": false,
                    "syncErrorThrowable": false,
                    "syncErrorThrown": false,
                    "syncErrorValue": null,
                  },
                  "isStopped": false,
                  "syncErrorThrowable": true,
                  "syncErrorThrown": false,
                  "syncErrorValue": null,
                },
                "_parents": null,
                "_subscriptions": Array [
                  [Circular],
                ],
                "closed": false,
                "destination": Subscriber {
                  "_parent": null,
                  "_parents": null,
                  "_subscriptions": Array [
                    [Circular],
                  ],
                  "closed": false,
                  "destination": SafeSubscriber {
                    "_complete": undefined,
                    "_context": Object {
                      "unsubscribe": [Function],
                    },
                    "_error": [Function],
                    "_next": [Function],
                    "_parent": null,
                    "_parentSubscriber": [Circular],
                    "_parents": null,
                    "_subscriptions": null,
                    "closed": false,
                    "destination": Object {
                      "closed": true,
                      "complete": [Function],
                      "error": [Function],
                      "next": [Function],
                    },
                    "isStopped": false,
                    "syncErrorThrowable": false,
                    "syncErrorThrown": false,
                    "syncErrorValue": null,
                  },
                  "isStopped": false,
                  "syncErrorThrowable": true,
                  "syncErrorThrown": false,
                  "syncErrorValue": null,
                },
                "hasKey": true,
                "isStopped": false,
                "key": "test",
                "keySelector": undefined,
                "syncErrorThrowable": true,
                "syncErrorThrown": false,
                "syncErrorValue": null,
              },
              "isStopped": false,
              "project": [Function],
              "syncErrorThrowable": true,
              "syncErrorThrown": false,
              "syncErrorValue": null,
              "thisArg": [Circular],
            },
          ],
          "thrownError": null,
        },
        "state$": MockState {
          "_isScalar": false,
          "_value": Object {},
          "closed": false,
          "hasError": false,
          "isStopped": false,
          "observers": Array [
            MapSubscriber {
              "_parent": DistinctUntilChangedSubscriber {
                "_parent": Subscriber {
                  "_parent": null,
                  "_parents": null,
                  "_subscriptions": Array [
                    [Circular],
                  ],
                  "closed": false,
                  "destination": SafeSubscriber {
                    "_complete": undefined,
                    "_context": Object {
                      "unsubscribe": [Function],
                    },
                    "_error": [Function],
                    "_next": [Function],
                    "_parent": null,
                    "_parentSubscriber": [Circular],
                    "_parents": null,
                    "_subscriptions": null,
                    "closed": false,
                    "destination": Object {
                      "closed": true,
                      "complete": [Function],
                      "error": [Function],
                      "next": [Function],
                    },
                    "isStopped": false,
                    "syncErrorThrowable": false,
                    "syncErrorThrown": false,
                    "syncErrorValue": null,
                  },
                  "isStopped": false,
                  "syncErrorThrowable": true,
                  "syncErrorThrown": false,
                  "syncErrorValue": null,
                },
                "_parents": null,
                "_subscriptions": Array [
                  [Circular],
                ],
                "closed": false,
                "destination": Subscriber {
                  "_parent": null,
                  "_parents": null,
                  "_subscriptions": Array [
                    [Circular],
                  ],
                  "closed": false,
                  "destination": SafeSubscriber {
                    "_complete": undefined,
                    "_context": Object {
                      "unsubscribe": [Function],
                    },
                    "_error": [Function],
                    "_next": [Function],
                    "_parent": null,
                    "_parentSubscriber": [Circular],
                    "_parents": null,
                    "_subscriptions": null,
                    "closed": false,
                    "destination": Object {
                      "closed": true,
                      "complete": [Function],
                      "error": [Function],
                      "next": [Function],
                    },
                    "isStopped": false,
                    "syncErrorThrowable": false,
                    "syncErrorThrown": false,
                    "syncErrorValue": null,
                  },
                  "isStopped": false,
                  "syncErrorThrowable": true,
                  "syncErrorThrown": false,
                  "syncErrorValue": null,
                },
                "hasKey": true,
                "isStopped": false,
                "key": "test",
                "keySelector": undefined,
                "syncErrorThrowable": true,
                "syncErrorThrown": false,
                "syncErrorValue": null,
              },
              "_parents": null,
              "_subscriptions": Array [
                SubjectSubscription {
                  "_parent": [Circular],
                  "_parents": null,
                  "_subscriptions": null,
                  "closed": false,
                  "subject": [Circular],
                  "subscriber": [Circular],
                },
              ],
              "closed": false,
              "count": 1,
              "destination": DistinctUntilChangedSubscriber {
                "_parent": Subscriber {
                  "_parent": null,
                  "_parents": null,
                  "_subscriptions": Array [
                    [Circular],
                  ],
                  "closed": false,
                  "destination": SafeSubscriber {
                    "_complete": undefined,
                    "_context": Object {
                      "unsubscribe": [Function],
                    },
                    "_error": [Function],
                    "_next": [Function],
                    "_parent": null,
                    "_parentSubscriber": [Circular],
                    "_parents": null,
                    "_subscriptions": null,
                    "closed": false,
                    "destination": Object {
                      "closed": true,
                      "complete": [Function],
                      "error": [Function],
                      "next": [Function],
                    },
                    "isStopped": false,
                    "syncErrorThrowable": false,
                    "syncErrorThrown": false,
                    "syncErrorValue": null,
                  },
                  "isStopped": false,
                  "syncErrorThrowable": true,
                  "syncErrorThrown": false,
                  "syncErrorValue": null,
                },
                "_parents": null,
                "_subscriptions": Array [
                  [Circular],
                ],
                "closed": false,
                "destination": Subscriber {
                  "_parent": null,
                  "_parents": null,
                  "_subscriptions": Array [
                    [Circular],
                  ],
                  "closed": false,
                  "destination": SafeSubscriber {
                    "_complete": undefined,
                    "_context": Object {
                      "unsubscribe": [Function],
                    },
                    "_error": [Function],
                    "_next": [Function],
                    "_parent": null,
                    "_parentSubscriber": [Circular],
                    "_parents": null,
                    "_subscriptions": null,
                    "closed": false,
                    "destination": Object {
                      "closed": true,
                      "complete": [Function],
                      "error": [Function],
                      "next": [Function],
                    },
                    "isStopped": false,
                    "syncErrorThrowable": false,
                    "syncErrorThrown": false,
                    "syncErrorValue": null,
                  },
                  "isStopped": false,
                  "syncErrorThrowable": true,
                  "syncErrorThrown": false,
                  "syncErrorValue": null,
                },
                "hasKey": true,
                "isStopped": false,
                "key": "test",
                "keySelector": undefined,
                "syncErrorThrowable": true,
                "syncErrorThrown": false,
                "syncErrorValue": null,
              },
              "isStopped": false,
              "project": [Function],
              "syncErrorThrowable": true,
              "syncErrorThrown": false,
              "syncErrorValue": null,
              "thisArg": [Circular],
            },
          ],
          "thrownError": null,
        },
      },
    },
  },
}
`;
