// Jest Snapshot v1, https://goo.gl/fbAQLP

exports[`AuthReducer LOGIN_SUCCESS should add a user set loggedIn to true in auth state 1`] = `
Object {
  "user": Object {
    "name": "test",
  },
}
`;

exports[`AuthReducer undefined action should return the default state 1`] = `
Object {
  "user": null,
}
`;
